// 同步 ID: 3967d674 @ Sat Jul 18 01:12:02 UTC 2026
// 同步 ID: 208e8baa @ Sat Jul 18 04:23:51 UTC 2026
// 重构日志: 9076761e
// 重构日志: 99c60855
// 同步 ID: 8c9f28c4 @ Sun Jul 19 12:48:02 UTC 2026
// 重构日志: 49d62922
// 重构日志: 7aef4435
// 重构日志: 6b5e4095
// 同步 ID: 73832e35 @ Mon Jul 20 12:06:05 UTC 2026
// 重构日志: be0863d6
// 重构日志: 489523e4
// 重构日志: 440172ef
// 重构日志: 096fe16c
// 同步 ID: 8c25dc65 @ Wed Jul 22 04:50:02 UTC 2026
// 同步 ID: aa961da5 @ Wed Jul 22 10:02:35 UTC 2026
// 同步 ID: 49b32ba4 @ Wed Jul 22 14:58:41 UTC 2026
// 重构日志: 05e1efe3
// 重构日志: bfe8c6c4
// 重构日志: 804d84cb
// 重构日志: ed435f0b
// 重构日志: 3bfdd5a1
// 重构日志: 18c87a83
// 重构日志: 19225060
// 重构日志: e171fd08
// 重构日志: 377fdef2
// 重构日志: 68a7c9e1
// 同步 ID: 842c3cdb @ Tue Jul 28 01:13:17 UTC 2026
// 同步 ID: f9ef2448 @ Tue Jul 28 07:33:29 UTC 2026
// 同步 ID: f008a98a @ Wed Jul 29 07:49:37 UTC 2026
// 同步 ID: bc9aafd3 @ Wed Jul 29 13:15:20 UTC 2026
